SST-Core: Configuration Library Path will read from: /ufrc/lam/saravana8394/sstcore-6.0.0/mycore/lib/sst:/ufrc/lam/saravana8394/sst-elements-library-6.0.0/sst_element_core_new/lib/sst-elements-library
 SST Core: #main() My rank is (0.0), on 1/1 nodes/threads
SSTPythonModel Creating config graph for SST using Python model...
The number of components are:- 
1) Cores:  2048 
2) Links:  10240 
3) Containers:  0 
4) assists:  0
SSTPythonModel Configuration will now parse parameters.
SSTPythonModel Construction of config graph with Python is complete.
 SST Core: # ------------------------------------------------------------
 SST Core: # Graph construction took 0.835586 seconds.
 SST Core: # Graph partitioning took 0.014097 seconds.
 SST Core: # Graph construction and partition raised RSS by 70796 KB
 SST Core: # ------------------------------------------------------------
 SST Core: Signal handers will be registed for USR1, USR2, INT and TERM...
 SST Core: Signal handler registration is completed
 SST Core: # Starting main event loop
 SST Core: # Start time: 2017/10/13 at: 02:45:55


------------------------------------------------------------
Simulation Timing Information:
Build time:                      1.027408 seconds
Simulation time:                 9.054216 seconds
Total time:                      10.301724 seconds
Simulated time:                  4.40098 s

Simulation Resource Information:
Max Resident Set Size:           424.056 MB
Approx. Global Max RSS Size:     424.056 MB
Max Local Page Faults:           0 faults
Global Page Faults:              0 faults
Max Output Blocks:               0 blocks
Max Input Blocks:                0 blocks
Max mempool usage:               11.137 MB
Global mempool usage:            11.137 MB
Global active activities:        1 activities
Current global TimeVortex depth: 3 entries
Max TimeVortex depth:            2051 entries
Max Sync data size:              0 B
Global Sync data size:           0 B
------------------------------------------------------------


Simulation is complete, simulated time: 4.40098 s
